// Jest Snapshot v1, https://goo.gl/fbAQLP

exports[`Provider List should match Snapshot 1`] = `
<DocumentFragment>
  <div
    class="MuiContainer-root MuiContainer-maxWidthLg makeStyles-container-1"
  />
</DocumentFragment>
`;
